// Jest Snapshot v1, https://goo.gl/fbAQLP

exports[`<Else /> renders the component correctly 1`] = `
<div>
  Child Component
</div>
`;
