// Jest Snapshot v1, https://goo.gl/fbAQLP

exports[`<ElseIf /> renders the component correctly 1`] = `
<div>
  Child Component
</div>
`;

exports[`<ElseIf /> renders the component correctly without children if condition is false 1`] = `null`;
