// Jest Snapshot v1, https://goo.gl/fbAQLP

exports[`If renders the component correctly with children if condition is true 1`] = `
<div>
  Child Component
</div>
`;

exports[`If renders the component correctly without children if condition is false 1`] = `null`;
